main.c:125:5:main	40	static
main.c:221:6:SystemClock_Config	216	static
main.c:303:13:MX_ADC3_Init	24	static
main.c:353:13:MX_CRC_Init	8	static
main.c:384:13:MX_DCMI_Init	8	static
main.c:421:13:MX_DMA2D_Init	8	static
main.c:458:13:MX_ETH_Init	8	static
main.c:500:13:MX_I2C1_Init	8	static
main.c:546:13:MX_I2C3_Init	8	static
main.c:592:13:MX_LTDC_Init	112	static
main.c:673:13:MX_QUADSPI_Init	8	static
main.c:708:13:MX_RTC_Init	80	static
main.c:800:13:MX_SAI2_Init	8	static
main.c:875:13:MX_SPDIFRX_Init	8	static
main.c:911:13:MX_TIM1_Init	112	static
main.c:991:13:MX_TIM2_Init	64	static
main.c:1050:13:MX_TIM3_Init	64	static
main.c:1109:13:MX_TIM5_Init	64	static
main.c:1168:13:MX_TIM8_Init	40	static
main.c:1215:13:MX_TIM12_Init	40	static
main.c:1257:13:MX_USART1_UART_Init	8	static
main.c:1292:13:MX_USART6_UART_Init	8	static
main.c:1323:13:MX_FMC_Init	40	static
main.c:1374:13:MX_GPIO_Init	72	static
main.c:1557:6:StartDefaultTask	16	static
main.c:1578:6:HAL_TIM_PeriodElapsedCallback	16	static
main.c:1595:6:Error_Handler	4	static
