main.c:170:6:BSP_AUDIO_IN_HalfTransfer_CallBack	16	static
main.c:180:6:BSP_AUDIO_IN_TransferComplete_CallBack	16	static
main.c:190:6:BSP_AUDIO_IN_Error_CallBack	4	static
main.c:194:6:AudioRecordingFunction	24	static
main.c:208:7:calcdBFS	40	static
main.c:223:6:AudioProcessingFunction	56	static
main.c:261:6:TouchScreenFunction	72	static
main.c:274:5:myPutchar	16	static
main.c:280:6:HAL_GPIO_EXTI_Callback	16	static
main.c:293:5:main	8	static
main.c:427:6:SystemClock_Config	216	static
main.c:509:13:MX_ADC3_Init	24	static
main.c:559:13:MX_CRC_Init	8	static
main.c:590:13:MX_DCMI_Init	8	static
main.c:627:13:MX_DMA2D_Init	8	static
main.c:664:13:MX_ETH_Init	4	static
main.c:706:13:MX_I2C1_Init	8	static
main.c:752:13:MX_I2C3_Init	8	static
main.c:798:13:MX_IWDG_Init	8	static
main.c:827:13:MX_LTDC_Init	112	static
main.c:908:13:MX_QUADSPI_Init	8	static
main.c:943:13:MX_RTC_Init	80	static
main.c:1035:13:MX_SAI2_Init	8	static
main.c:1110:13:MX_SPDIFRX_Init	8	static
main.c:1146:13:MX_TIM1_Init	112	static
main.c:1226:13:MX_TIM2_Init	64	static
main.c:1285:13:MX_TIM3_Init	64	static
main.c:1344:13:MX_TIM5_Init	64	static
main.c:1403:13:MX_TIM8_Init	40	static
main.c:1450:13:MX_TIM12_Init	40	static
main.c:1492:13:MX_USART1_UART_Init	8	static
main.c:1527:13:MX_USART6_UART_Init	8	static
main.c:1558:13:MX_FMC_Init	40	static
main.c:1609:13:MX_GPIO_Init	72	static
main.c:1802:6:StartDefaultTask	16	static
main.c:1824:6:HAL_TIM_PeriodElapsedCallback	16	static
main.c:1841:6:Error_Handler	4	static
