main.c:125:5:main	40	static
main.c:228:6:SystemClock_Config	216	static
main.c:310:13:MX_ADC3_Init	24	static
main.c:360:13:MX_CRC_Init	8	static
main.c:391:13:MX_DCMI_Init	8	static
main.c:428:13:MX_DMA2D_Init	8	static
main.c:465:13:MX_ETH_Init	8	static
main.c:507:13:MX_I2C1_Init	8	static
main.c:553:13:MX_I2C3_Init	8	static
main.c:599:13:MX_LTDC_Init	112	static
main.c:680:13:MX_QUADSPI_Init	8	static
main.c:715:13:MX_RTC_Init	80	static
main.c:807:13:MX_SAI2_Init	8	static
main.c:882:13:MX_SPDIFRX_Init	8	static
main.c:918:13:MX_TIM1_Init	112	static
main.c:998:13:MX_TIM2_Init	64	static
main.c:1057:13:MX_TIM3_Init	64	static
main.c:1116:13:MX_TIM5_Init	64	static
main.c:1175:13:MX_TIM8_Init	40	static
main.c:1222:13:MX_TIM12_Init	40	static
main.c:1264:13:MX_USART1_UART_Init	8	static
main.c:1299:13:MX_USART6_UART_Init	8	static
main.c:1330:13:MX_FMC_Init	40	static
main.c:1381:13:MX_GPIO_Init	72	static
main.c:1564:6:StartDefaultTask	16	static
main.c:1585:6:HAL_TIM_PeriodElapsedCallback	16	static
main.c:1602:6:Error_Handler	4	static
