main.c:150:6:BSP_AUDIO_IN_HalfTransfer_CallBack	16	static
main.c:160:6:BSP_AUDIO_IN_TransferComplete_CallBack	16	static
main.c:170:6:BSP_AUDIO_IN_Error_CallBack	4	static
main.c:174:6:AudioRecordingFunction	24	static
main.c:188:6:AudioProcessingFunction	48	static
main.c:217:5:main	8	static
main.c:339:6:SystemClock_Config	216	static
main.c:421:13:MX_ADC3_Init	24	static
main.c:471:13:MX_CRC_Init	8	static
main.c:502:13:MX_DCMI_Init	8	static
main.c:539:13:MX_DMA2D_Init	8	static
main.c:576:13:MX_ETH_Init	4	static
main.c:618:13:MX_I2C1_Init	8	static
main.c:664:13:MX_I2C3_Init	8	static
main.c:710:13:MX_LTDC_Init	112	static
main.c:791:13:MX_QUADSPI_Init	8	static
main.c:826:13:MX_RTC_Init	80	static
main.c:918:13:MX_SAI2_Init	8	static
main.c:993:13:MX_SPDIFRX_Init	8	static
main.c:1029:13:MX_TIM1_Init	112	static
main.c:1109:13:MX_TIM2_Init	64	static
main.c:1168:13:MX_TIM3_Init	64	static
main.c:1227:13:MX_TIM5_Init	64	static
main.c:1286:13:MX_TIM8_Init	40	static
main.c:1333:13:MX_TIM12_Init	40	static
main.c:1375:13:MX_USART1_UART_Init	8	static
main.c:1410:13:MX_USART6_UART_Init	8	static
main.c:1441:13:MX_FMC_Init	40	static
main.c:1492:13:MX_GPIO_Init	72	static
main.c:1675:6:StartDefaultTask	16	static
main.c:1696:6:HAL_TIM_PeriodElapsedCallback	16	static
main.c:1713:6:Error_Handler	4	static
