main.c:152:6:BSP_AUDIO_IN_HalfTransfer_CallBack	16	static
main.c:162:6:BSP_AUDIO_IN_TransferComplete_CallBack	16	static
main.c:172:6:BSP_AUDIO_IN_Error_CallBack	4	static
main.c:176:6:AudioRecordingFunction	24	static
main.c:190:7:calcdBFS	40	static
main.c:205:6:AudioProcessingFunction	56	static
main.c:239:5:myPutchar	16	static
main.c:245:6:HAL_GPIO_EXTI_Callback	16	static
main.c:258:5:main	8	static
main.c:382:6:SystemClock_Config	216	static
main.c:464:13:MX_ADC3_Init	24	static
main.c:514:13:MX_CRC_Init	8	static
main.c:545:13:MX_DCMI_Init	8	static
main.c:582:13:MX_DMA2D_Init	8	static
main.c:619:13:MX_ETH_Init	4	static
main.c:661:13:MX_I2C1_Init	8	static
main.c:707:13:MX_I2C3_Init	8	static
main.c:753:13:MX_LTDC_Init	112	static
main.c:834:13:MX_QUADSPI_Init	8	static
main.c:869:13:MX_RTC_Init	80	static
main.c:961:13:MX_SAI2_Init	8	static
main.c:1036:13:MX_SPDIFRX_Init	8	static
main.c:1072:13:MX_TIM1_Init	112	static
main.c:1152:13:MX_TIM2_Init	64	static
main.c:1211:13:MX_TIM3_Init	64	static
main.c:1270:13:MX_TIM5_Init	64	static
main.c:1329:13:MX_TIM8_Init	40	static
main.c:1376:13:MX_TIM12_Init	40	static
main.c:1418:13:MX_USART1_UART_Init	8	static
main.c:1453:13:MX_USART6_UART_Init	8	static
main.c:1484:13:MX_FMC_Init	40	static
main.c:1535:13:MX_GPIO_Init	72	static
main.c:1728:6:StartDefaultTask	16	static
main.c:1749:6:HAL_TIM_PeriodElapsedCallback	16	static
main.c:1766:6:Error_Handler	4	static
