main.c:160:6:BSP_AUDIO_IN_HalfTransfer_CallBack	16	static
main.c:170:6:BSP_AUDIO_IN_TransferComplete_CallBack	16	static
main.c:180:6:BSP_AUDIO_IN_Error_CallBack	4	static
main.c:184:6:AudioRecordingFunction	24	static
main.c:198:7:calcdBFS	40	static
main.c:213:6:AudioProcessingFunction	56	static
main.c:251:6:TouchScreenFunction	72	static
main.c:264:5:myPutchar	16	static
main.c:270:6:HAL_GPIO_EXTI_Callback	16	static
main.c:283:5:main	8	static
main.c:413:6:SystemClock_Config	216	static
main.c:495:13:MX_ADC3_Init	24	static
main.c:545:13:MX_CRC_Init	8	static
main.c:576:13:MX_DCMI_Init	8	static
main.c:613:13:MX_DMA2D_Init	8	static
main.c:650:13:MX_ETH_Init	4	static
main.c:692:13:MX_I2C1_Init	8	static
main.c:738:13:MX_I2C3_Init	8	static
main.c:784:13:MX_LTDC_Init	112	static
main.c:865:13:MX_QUADSPI_Init	8	static
main.c:900:13:MX_RTC_Init	80	static
main.c:992:13:MX_SAI2_Init	8	static
main.c:1067:13:MX_SPDIFRX_Init	8	static
main.c:1103:13:MX_TIM1_Init	112	static
main.c:1183:13:MX_TIM2_Init	64	static
main.c:1242:13:MX_TIM3_Init	64	static
main.c:1301:13:MX_TIM5_Init	64	static
main.c:1360:13:MX_TIM8_Init	40	static
main.c:1407:13:MX_TIM12_Init	40	static
main.c:1449:13:MX_USART1_UART_Init	8	static
main.c:1484:13:MX_USART6_UART_Init	8	static
main.c:1515:13:MX_FMC_Init	40	static
main.c:1566:13:MX_GPIO_Init	72	static
main.c:1759:6:StartDefaultTask	16	static
main.c:1780:6:HAL_TIM_PeriodElapsedCallback	16	static
main.c:1797:6:Error_Handler	4	static
