main.c:141:6:BSP_AUDIO_IN_HalfTransfer_CallBack	8	static
main.c:145:6:BSP_AUDIO_IN_TransferComplete_CallBack	8	static
main.c:149:6:BSP_AUDIO_IN_Error_CallBack	4	static
main.c:153:6:StartTask1	16	static
main.c:162:6:StartTask2	16	static
main.c:177:5:main	8	static
main.c:299:6:SystemClock_Config	216	static
main.c:381:13:MX_ADC3_Init	24	static
main.c:431:13:MX_CRC_Init	8	static
main.c:462:13:MX_DCMI_Init	8	static
main.c:499:13:MX_DMA2D_Init	8	static
main.c:536:13:MX_ETH_Init	4	static
main.c:578:13:MX_I2C1_Init	8	static
main.c:624:13:MX_I2C3_Init	8	static
main.c:670:13:MX_LTDC_Init	112	static
main.c:751:13:MX_QUADSPI_Init	8	static
main.c:786:13:MX_RTC_Init	80	static
main.c:878:13:MX_SAI2_Init	8	static
main.c:953:13:MX_SPDIFRX_Init	8	static
main.c:989:13:MX_TIM1_Init	112	static
main.c:1069:13:MX_TIM2_Init	64	static
main.c:1128:13:MX_TIM3_Init	64	static
main.c:1187:13:MX_TIM5_Init	64	static
main.c:1246:13:MX_TIM8_Init	40	static
main.c:1293:13:MX_TIM12_Init	40	static
main.c:1335:13:MX_USART1_UART_Init	8	static
main.c:1370:13:MX_USART6_UART_Init	8	static
main.c:1401:13:MX_FMC_Init	40	static
main.c:1452:13:MX_GPIO_Init	72	static
main.c:1635:6:StartDefaultTask	16	static
main.c:1656:6:HAL_TIM_PeriodElapsedCallback	16	static
main.c:1673:6:Error_Handler	4	static
