main.c:122:6:BSP_AUDIO_IN_HalfTransfer_CallBack	8	static
main.c:126:6:BSP_AUDIO_IN_TransferComplete_CallBack	8	static
main.c:130:6:BSP_AUDIO_IN_Error_CallBack	4	static
main.c:140:5:main	40	static
main.c:252:6:SystemClock_Config	216	static
main.c:334:13:MX_ADC3_Init	24	static
main.c:384:13:MX_CRC_Init	8	static
main.c:415:13:MX_DCMI_Init	8	static
main.c:452:13:MX_DMA2D_Init	8	static
main.c:489:13:MX_ETH_Init	8	static
main.c:531:13:MX_I2C1_Init	8	static
main.c:577:13:MX_I2C3_Init	8	static
main.c:623:13:MX_LTDC_Init	112	static
main.c:704:13:MX_QUADSPI_Init	8	static
main.c:739:13:MX_RTC_Init	80	static
main.c:831:13:MX_SAI2_Init	8	static
main.c:906:13:MX_SPDIFRX_Init	8	static
main.c:942:13:MX_TIM1_Init	112	static
main.c:1022:13:MX_TIM2_Init	64	static
main.c:1081:13:MX_TIM3_Init	64	static
main.c:1140:13:MX_TIM5_Init	64	static
main.c:1199:13:MX_TIM8_Init	40	static
main.c:1246:13:MX_TIM12_Init	40	static
main.c:1288:13:MX_USART1_UART_Init	8	static
main.c:1323:13:MX_USART6_UART_Init	8	static
main.c:1354:13:MX_FMC_Init	40	static
main.c:1405:13:MX_GPIO_Init	72	static
main.c:1588:6:StartDefaultTask	16	static
main.c:1609:6:HAL_TIM_PeriodElapsedCallback	16	static
main.c:1626:6:Error_Handler	4	static
