main.c:121:6:BSP_AUDIO_IN_HalfTransfer_CallBack	8	static
main.c:125:6:BSP_AUDIO_IN_TransferComplete_CallBack	8	static
main.c:129:6:BSP_AUDIO_IN_Error_CallBack	4	static
main.c:139:5:main	40	static
main.c:257:6:SystemClock_Config	216	static
main.c:339:13:MX_ADC3_Init	24	static
main.c:389:13:MX_CRC_Init	8	static
main.c:420:13:MX_DCMI_Init	8	static
main.c:457:13:MX_DMA2D_Init	8	static
main.c:494:13:MX_ETH_Init	8	static
main.c:536:13:MX_I2C1_Init	8	static
main.c:582:13:MX_I2C3_Init	8	static
main.c:628:13:MX_LTDC_Init	112	static
main.c:709:13:MX_QUADSPI_Init	8	static
main.c:744:13:MX_RTC_Init	80	static
main.c:836:13:MX_SAI2_Init	8	static
main.c:911:13:MX_SPDIFRX_Init	8	static
main.c:947:13:MX_TIM1_Init	112	static
main.c:1027:13:MX_TIM2_Init	64	static
main.c:1086:13:MX_TIM3_Init	64	static
main.c:1145:13:MX_TIM5_Init	64	static
main.c:1204:13:MX_TIM8_Init	40	static
main.c:1251:13:MX_TIM12_Init	40	static
main.c:1293:13:MX_USART1_UART_Init	8	static
main.c:1328:13:MX_USART6_UART_Init	8	static
main.c:1359:13:MX_FMC_Init	40	static
main.c:1410:13:MX_GPIO_Init	72	static
main.c:1593:6:StartDefaultTask	16	static
main.c:1614:6:HAL_TIM_PeriodElapsedCallback	16	static
main.c:1631:6:Error_Handler	4	static
