main.c:152:6:BSP_AUDIO_IN_HalfTransfer_CallBack	16	static
main.c:162:6:BSP_AUDIO_IN_TransferComplete_CallBack	16	static
main.c:172:6:BSP_AUDIO_IN_Error_CallBack	4	static
main.c:176:6:AudioRecordingFunction	24	static
main.c:190:6:AudioProcessingFunction	48	static
main.c:212:5:myPutchar	16	static
main.c:218:6:HAL_GPIO_EXTI_Callback	16	static
main.c:231:5:main	8	static
main.c:355:6:SystemClock_Config	216	static
main.c:437:13:MX_ADC3_Init	24	static
main.c:487:13:MX_CRC_Init	8	static
main.c:518:13:MX_DCMI_Init	8	static
main.c:555:13:MX_DMA2D_Init	8	static
main.c:592:13:MX_ETH_Init	4	static
main.c:634:13:MX_I2C1_Init	8	static
main.c:680:13:MX_I2C3_Init	8	static
main.c:726:13:MX_LTDC_Init	112	static
main.c:807:13:MX_QUADSPI_Init	8	static
main.c:842:13:MX_RTC_Init	80	static
main.c:934:13:MX_SAI2_Init	8	static
main.c:1009:13:MX_SPDIFRX_Init	8	static
main.c:1045:13:MX_TIM1_Init	112	static
main.c:1125:13:MX_TIM2_Init	64	static
main.c:1184:13:MX_TIM3_Init	64	static
main.c:1243:13:MX_TIM5_Init	64	static
main.c:1302:13:MX_TIM8_Init	40	static
main.c:1349:13:MX_TIM12_Init	40	static
main.c:1391:13:MX_USART1_UART_Init	8	static
main.c:1426:13:MX_USART6_UART_Init	8	static
main.c:1457:13:MX_FMC_Init	40	static
main.c:1508:13:MX_GPIO_Init	72	static
main.c:1701:6:StartDefaultTask	16	static
main.c:1722:6:HAL_TIM_PeriodElapsedCallback	16	static
main.c:1739:6:Error_Handler	4	static
