main.c:145:6:BSP_AUDIO_IN_HalfTransfer_CallBack	8	static
main.c:149:6:BSP_AUDIO_IN_TransferComplete_CallBack	8	static
main.c:153:6:BSP_AUDIO_IN_Error_CallBack	4	static
main.c:157:6:StartTask1	16	static
main.c:170:6:StartTask2	24	static
main.c:191:5:main	8	static
main.c:323:6:SystemClock_Config	216	static
main.c:405:13:MX_ADC3_Init	24	static
main.c:455:13:MX_CRC_Init	8	static
main.c:486:13:MX_DCMI_Init	8	static
main.c:523:13:MX_DMA2D_Init	8	static
main.c:560:13:MX_ETH_Init	4	static
main.c:602:13:MX_I2C1_Init	8	static
main.c:648:13:MX_I2C3_Init	8	static
main.c:694:13:MX_LTDC_Init	112	static
main.c:775:13:MX_QUADSPI_Init	8	static
main.c:810:13:MX_RTC_Init	80	static
main.c:902:13:MX_SAI2_Init	8	static
main.c:977:13:MX_SPDIFRX_Init	8	static
main.c:1013:13:MX_TIM1_Init	112	static
main.c:1093:13:MX_TIM2_Init	64	static
main.c:1152:13:MX_TIM3_Init	64	static
main.c:1211:13:MX_TIM5_Init	64	static
main.c:1270:13:MX_TIM8_Init	40	static
main.c:1317:13:MX_TIM12_Init	40	static
main.c:1359:13:MX_USART1_UART_Init	8	static
main.c:1394:13:MX_USART6_UART_Init	8	static
main.c:1425:13:MX_FMC_Init	40	static
main.c:1476:13:MX_GPIO_Init	72	static
main.c:1659:6:StartDefaultTask	16	static
main.c:1680:6:HAL_TIM_PeriodElapsedCallback	16	static
main.c:1697:6:Error_Handler	4	static
