stm32f7xx_hal_msp.c:66:6:HAL_MspInit	16	static
stm32f7xx_hal_msp.c:90:6:HAL_ADC_MspInit	48	static
stm32f7xx_hal_msp.c:135:6:HAL_ADC_MspDeInit	16	static
stm32f7xx_hal_msp.c:171:6:HAL_CRC_MspInit	24	static
stm32f7xx_hal_msp.c:193:6:HAL_CRC_MspDeInit	16	static
stm32f7xx_hal_msp.c:215:6:HAL_DCMI_MspInit	64	static
stm32f7xx_hal_msp.c:293:6:HAL_DCMI_MspDeInit	16	static
stm32f7xx_hal_msp.c:340:6:HAL_DMA2D_MspInit	24	static
stm32f7xx_hal_msp.c:365:6:HAL_DMA2D_MspDeInit	16	static
stm32f7xx_hal_msp.c:390:6:HAL_ETH_MspInit	64	static
stm32f7xx_hal_msp.c:449:6:HAL_ETH_MspDeInit	16	static
stm32f7xx_hal_msp.c:489:6:HAL_I2C_MspInit	56	static
stm32f7xx_hal_msp.c:549:6:HAL_I2C_MspDeInit	16	static
stm32f7xx_hal_msp.c:600:6:HAL_LTDC_MspInit	64	static
stm32f7xx_hal_msp.c:701:6:HAL_LTDC_MspDeInit	16	static
stm32f7xx_hal_msp.c:770:6:HAL_QSPI_MspInit	56	static
stm32f7xx_hal_msp.c:833:6:HAL_QSPI_MspDeInit	16	static
stm32f7xx_hal_msp.c:870:6:HAL_RTC_MspInit	16	static
stm32f7xx_hal_msp.c:892:6:HAL_RTC_MspDeInit	16	static
stm32f7xx_hal_msp.c:914:6:HAL_SPDIFRX_MspInit	48	static
stm32f7xx_hal_msp.c:949:6:HAL_SPDIFRX_MspDeInit	16	static
stm32f7xx_hal_msp.c:977:6:HAL_TIM_Base_MspInit	40	static
stm32f7xx_hal_msp.c:1043:6:HAL_TIM_PWM_MspInit	24	static
stm32f7xx_hal_msp.c:1059:6:HAL_TIM_MspPostInit	56	static
stm32f7xx_hal_msp.c:1174:6:HAL_TIM_Base_MspDeInit	16	static
stm32f7xx_hal_msp.c:1240:6:HAL_TIM_PWM_MspDeInit	16	static
stm32f7xx_hal_msp.c:1262:6:HAL_UART_MspInit	56	static
stm32f7xx_hal_msp.c:1330:6:HAL_UART_MspDeInit	16	static
stm32f7xx_hal_msp.c:1375:13:HAL_FMC_MspInit	32	static
stm32f7xx_hal_msp.c:1481:6:HAL_SDRAM_MspInit	16	static
stm32f7xx_hal_msp.c:1493:13:HAL_FMC_MspDeInit	8	static
stm32f7xx_hal_msp.c:1567:6:HAL_SDRAM_MspDeInit	16	static
stm32f7xx_hal_msp.c:1579:6:HAL_SAI_MspInit	48	static
stm32f7xx_hal_msp.c:1629:6:HAL_SAI_MspDeInit	16	static
